// Jest Snapshot v1, https://goo.gl/fbAQLP

exports[`Given header is rendered Should match snapshot 1`] = `
<View
  style={
    Array [
      Object {
        "alignContent": "center",
        "alignItems": "center",
        "display": "flex",
        "flexDirection": "row",
        "justifyContent": "space-between",
      },
      Array [
        Object {},
      ],
    ]
  }
>
  <View
    style={
      Array [
        Object {
          "alignContent": "center",
          "alignItems": "center",
          "display": "flex",
          "flexDirection": "row",
        },
        Array [
          Object {},
        ],
      ]
    }
  >
    <View
      accessible={true}
      collapsable={false}
      focusable={true}
      onClick={[Function]}
      onResponderGrant={[Function]}
      onResponderMove={[Function]}
      onResponderRelease={[Function]}
      onResponderTerminate={[Function]}
      onResponderTerminationRequest={[Function]}
      onStartShouldSetResponder={[Function]}
      style={
        Object {
          "alignItems": "center",
          "flexDirection": "row",
          "opacity": 1,
        }
      }
      testID="avatar-test-id"
    >
      <View
        style={
          Array [
            Object {
              "alignItems": "center",
              "backgroundColor": "#67B6A8",
              "borderRadius": 96,
              "borderWidth": 0,
              "display": "flex",
              "justifyContent": "center",
              "padding": 16,
            },
            Array [
              Object {},
            ],
          ]
        }
      />
    </View>
    <View
      style={
        Array [
          Object {
            "display": "flex",
            "marginLeft": 8,
            "width": "75%",
          },
          Array [
            Object {},
          ],
        ]
      }
    >
      <Text
        numberOfLines={1}
        style={
          Array [
            Object {
              "color": "#282828",
              "display": "flex",
              "fontFamily": "SFUIText-Regular",
              "fontSize": 20,
            },
          ]
        }
      >
        John Smith
      </Text>
    </View>
  </View>
</View>
`;
