// Jest Snapshot v1, https://goo.gl/fbAQLP

exports[`components >> avatar  Round avatar Should render icon correctly when no source 1`] = `
<View
  style={
    Array [
      Object {
        "alignItems": "center",
        "backgroundColor": "#67B6A8",
        "borderRadius": 96,
        "borderWidth": 0,
        "display": "flex",
        "justifyContent": "center",
        "padding": 16,
      },
      Array [
        Object {},
      ],
    ]
  }
/>
`;

exports[`components >> avatar  Round avatar Should render round avatar correctly 1`] = `
<View
  style={
    Array [
      Object {
        "overflow": "hidden",
      },
      Array [
        Object {
          "borderRadius": 96,
          "height": 50,
          "width": 50,
        },
      ],
    ]
  }
>
  <FastImageView
    resizeMode="center"
    source={
      Object {
        "priority": "normal",
        "uri": "https://picsum.photos/id/237/200/300",
      }
    }
    style={
      Object {
        "bottom": 0,
        "left": 0,
        "position": "absolute",
        "right": 0,
        "top": 0,
      }
    }
  />
</View>
`;
